anaconda
apache
application
auditadm
authlogin
base
bluetooth
bootloader
chronyd
clock
cpucontrol
daemontools
dbus
dhcp
dmesg
fstools
fwupd
games
getty
gnome
gpg
hostname
init
ipsec
iptables
journalctl
kerberos
ldap
libraries
loadkeys
locallogin
logadm
logging
lpd
lvm
mandb
miscfiles
modutils
mount
mta
namespace
netlabel
netutils
networkmanager
nis
oddjob
pesign
postgresql
rdisc
rpc
rpm
secadm
selinuxutil
setrans
seunshare
ssh
sssd
stalld
su
sudo
sysadm
sysadm_secadm
sysnetwork
systemd
udev
unconfined
unconfineduser
unlabelednet
userdomain
userhelper
usermanage
virt
vlock
xserver
